{
    "sarscov2 - genome fai - stub": {
        "content": [
            {
                "0": [
                    [
                        {
                            "id": "test"
                        },
                        "test.bed:md5,d41d8cd98f00b204e9800998ecf8427e"
                    ]
                ],
                "1": [
                    "versions.yml:md5,9388ac24abb8d2a122fc2c84c0332fd3"
                ],
                "bed": [
                    [
                        {
                            "id": "test"
                        },
                        "test.bed:md5,d41d8cd98f00b204e9800998ecf8427e"
                    ]
                ],
                "versions": [
                    "versions.yml:md5,9388ac24abb8d2a122fc2c84c0332fd3"
                ]
            }
        ],
        "meta": {
            "nf-test": "0.9.3",
            "nextflow": "25.10.2"
        },
        "timestamp": "2026-01-08T15:33:46.065730712"
    },
    "sarscov2 - genome fai": {
        "content": [
            [
                [
                    {
                        "id": "test"
                    },
                    "test.bed:md5,4585b2b8783fb406448f01a2c897f4cd"
                ]
            ]
        ],
        "meta": {
            "nf-test": "0.9.3",
            "nextflow": "25.10.2"
        },
        "timestamp": "2026-01-08T15:33:41.005705145"
    }
}